INTEIRO
ID
ABRE_PARENTESE
FECHA_PARENTESE
RETORNA
ABRE_PARENTESE
NUM_INTEIRO
FECHA_PARENTESE
FIM
